
> cresco-prime@0.0.0 build
> vite build

[36mvite v8.0.8 [32mbuilding client environment for production...[36m[39m
[2K
transforming...Γ£ô 2720 modules transformed.
rendering chunks...
node.exe : [31mΓ£ù[39m 
Build failed in 3.67s
At line:1 char:1
+ & "C:\Program 
Files\nodejs/node.exe" "C:
\Users\kurap\AppData\Roami
ng\ ...
+ ~~~~~~~~~~~~~~~~~~~~~~~~
~~~~~~~~~~~~~~~~~~~~~~~~~~
~~~~~~~~~~~~~~~~~~~
    + CategoryInfo        
      : NotSpecified: (  
  [31mΓ£ù[39m Build fa   
 iled in 3.67s:String)    
 [], RemoteException
    + FullyQualifiedError 
   Id : NativeCommandErr  
  or
 
[31merror during build:
[31mBuild failed with 1 
error:

[31m[MISSING_EXPORT] 
Error:[0m "Linkedin" is 
not exported by "node_modu
les/lucide-react/dist/esm/
lucide-react.js".
   [38;5;246mΓò¡[0m[38;
5;246mΓöÇ[0m[38;5;246m[
[0m src/pages/Contact.jsx:
2:16 [38;5;246m][0m
   [38;5;246mΓöé[0m
 [38;5;246m2 Γöé[0m [38
;5;249mi[0m[38;5;249mm[
0m[38;5;249mp[0m[38;5;2
49mo[0m[38;5;249mr[0m[
38;5;249mt[0m[38;5;249m 
[0m[38;5;249m{[0m[38;5
;249m [0m[38;5;249mM[0m
[38;5;249ma[0m[38;5;249
mi[0m[38;5;249ml[0m[38
;5;249m,[0m[38;5;249m [
0mLinkedin[38;5;249m,[0m
[38;5;249m [0m[38;5;249
mM[0m[38;5;249ma[0m[38
;5;249mp[0m[38;5;249mP[
0m[38;5;249mi[0m[38;5;2
49mn[0m[38;5;249m [0m[
38;5;249m}[0m[38;5;249m 
[0m[38;5;249mf[0m[38;5
;249mr[0m[38;5;249mo[0m
[38;5;249mm[0m[38;5;249
m [0m[38;5;249m"[0m[38
;5;249ml[0m[38;5;249mu[
0m[38;5;249mc[0m[38;5;2
49mi[0m[38;5;249md[0m[
38;5;249me[0m[38;5;249m-
[0m[38;5;249mr[0m[38;5
;249me[0m[38;5;249ma[0m
[38;5;249mc[0m[38;5;249
mt[0m[38;5;249m"[0m[38
;5;249m;[0m
 [38;5;240m  Γöé[0m     
           
ΓöÇΓöÇΓöÇΓöÇΓö¼ΓöÇΓöÇΓöÇ  
 [38;5;240m  Γöé[0m     
               
Γò░ΓöÇΓöÇΓöÇΓöÇΓöÇ 
Missing export
[38;5;246mΓöÇΓöÇΓöÇΓò»[0
m
[31m
    at aggregateBindingErr
orsIntoJsError (file:///E:
/My%20Practise%20Folder/Cr
esco-Prime/node_modules/ro
lldown/dist/shared/error-w
0u7biK-.mjs:48:18)
    at 
unwrapBindingResult (file:
///E:/My%20Practise%20Fold
er/Cresco-Prime/node_modul
es/rolldown/dist/shared/er
ror-w0u7biK-.mjs:18:128)
    at #build (file:///E:/
My%20Practise%20Folder/Cre
sco-Prime/node_modules/rol
ldown/dist/shared/rolldown
-build-DtGk-m96.mjs:3313:3
4)
    at async 
buildEnvironment (file:///
E:/My%20Practise%20Folder/
Cresco-Prime/node_modules/
vite/dist/node/chunks/node
.js:32954:64)
    at async Object.build 
(file:///E:/My%20Practise%
20Folder/Cresco-Prime/node
_modules/vite/dist/node/ch
unks/node.js:33376:19)
    at async 
Object.buildApp (file:///E
:/My%20Practise%20Folder/C
resco-Prime/node_modules/v
ite/dist/node/chunks/node.
js:33373:153)
    at async 
CAC.<anonymous> (file:///E
:/My%20Practise%20Folder/C
resco-Prime/node_modules/v
ite/dist/node/cli.js:778:3
) {
  errors: [Getter/Setter]
}[39m
